2025-06-28 00:09:50:950 [ERROR]: ❌ Request error: GET /api/v1/users/me - 401
2025-06-28 00:13:54:1354 [ERROR]: ❌ Request error: GET /api/v1/analytics/teachers/685c1b673a862730dd0a3b1e/dashboard - 401
2025-06-28 00:13:55:1355 [ERROR]: ❌ Request error: GET /favicon.ico - 404
2025-06-28 00:14:28:1428 [ERROR]: ❌ Request error: GET /api/v1/analytics/teachers/685c1b673a862730dd0a3b1e/revenue-detailed - 401
2025-06-28 01:34:21:3421 [ERROR]: ❌ Request error: PATCH /api/v1/courses/edit-course/685e364e41c5651d2130a4a7 - 401
2025-06-28 01:34:26:3426 [ERROR]: ❌ Request error: GET /api/v1/users/me - 401
2025-06-28 01:49:36:4936 [ERROR]: ❌ Request error: GET /api/v1/users/me - 401
2025-06-28 01:54:10:5410 [ERROR]: ❌ Request error: GET /api/v1/users/me - 401
2025-06-28 02:09:14:914 [ERROR]: ❌ Request error: GET /api/v1/users/me - 401
2025-06-28 05:01:40:140 [ERROR]: Unhandled rejection detected, shutting down...
2025-06-28 09:35:59:3559 [ERROR]: ❌ Request error: GET /api/v1/users/me - 401
2025-06-28 09:38:01:381 [ERROR]: ❌ Request error: PATCH /api/v1/courses/edit-course/685e364e41c5651d2130a4a7 - 400
2025-06-28 11:42:42:4242 [ERROR]: ❌ Request error: GET /api/v1/users/me - 401
2025-06-28 11:42:42:4242 [ERROR]: ❌ Request error: GET /api/v1/analytics/teachers/685c1b673a862730dd0a3b21/dashboard - 401
2025-06-28 11:42:43:4243 [ERROR]: ❌ Request error: GET /api/v1/analytics/teachers/685c1b673a862730dd0a3b21/enrollment-statistics - 401
2025-06-28 11:42:43:4243 [ERROR]: ❌ Request error: GET /api/v1/analytics/teachers/685c1b673a862730dd0a3b21/engagement-metrics - 401
2025-06-28 11:42:43:4243 [ERROR]: ❌ Request error: GET /api/v1/analytics/teachers/685c1b673a862730dd0a3b21/revenue-detailed - 401
2025-06-28 11:42:43:4243 [ERROR]: ❌ Request error: GET /api/v1/analytics/teachers/685c1b673a862730dd0a3b21/performance-detailed - 401
2025-06-28 11:55:09:559 [ERROR]: ❌ Request error: GET /teachers/685c1b673a862730dd0a3b21/performance-detailed - 429
2025-06-28 11:55:35:5535 [ERROR]: ❌ Request error: GET /teachers/685c1b673a862730dd0a3b21/dashboard - 429
2025-06-28 11:55:35:5535 [ERROR]: ❌ Request error: GET /teachers/685c1b673a862730dd0a3b21/enrollment-statistics - 429
2025-06-28 11:55:35:5535 [ERROR]: ❌ Request error: GET /teachers/685c1b673a862730dd0a3b21/engagement-metrics - 429
2025-06-28 11:55:35:5535 [ERROR]: ❌ Request error: GET /teachers/685c1b673a862730dd0a3b21/performance-detailed - 429
2025-06-28 11:55:55:5555 [ERROR]: ❌ Request error: GET /teachers/685c1b673a862730dd0a3b21/dashboard - 429
2025-06-28 11:55:55:5555 [ERROR]: ❌ Request error: GET /teachers/685c1b673a862730dd0a3b21/enrollment-statistics - 429
2025-06-28 11:55:55:5555 [ERROR]: ❌ Request error: GET /teachers/685c1b673a862730dd0a3b21/engagement-metrics - 429
2025-06-28 11:55:55:5555 [ERROR]: ❌ Request error: GET /teachers/685c1b673a862730dd0a3b21/performance-detailed - 429
2025-06-28 11:55:57:5557 [ERROR]: ❌ Request error: GET /teachers/685c1b673a862730dd0a3b21/activities - 429
2025-06-28 11:55:58:5558 [ERROR]: ❌ Request error: GET /teachers/685c1b673a862730dd0a3b21/dashboard - 429
2025-06-28 11:55:58:5558 [ERROR]: ❌ Request error: GET /teachers/685c1b673a862730dd0a3b21/enrollment-statistics - 429
2025-06-28 11:55:58:5558 [ERROR]: ❌ Request error: GET /teachers/685c1b673a862730dd0a3b21/engagement-metrics - 429
2025-06-28 11:55:58:5558 [ERROR]: ❌ Request error: GET /teachers/685c1b673a862730dd0a3b21/performance-detailed - 429
2025-06-28 11:55:58:5558 [ERROR]: ❌ Request error: GET /teachers/685c1b673a862730dd0a3b21/activities - 429
2025-06-28 11:56:26:5626 [ERROR]: ❌ Request error: GET /teachers/685c1b673a862730dd0a3b21/dashboard - 429
2025-06-28 11:56:26:5626 [ERROR]: ❌ Request error: GET /teachers/685c1b673a862730dd0a3b21/enrollment-statistics - 429
2025-06-28 11:56:26:5626 [ERROR]: ❌ Request error: GET /teachers/685c1b673a862730dd0a3b21/engagement-metrics - 429
2025-06-28 11:56:26:5626 [ERROR]: ❌ Request error: GET /teachers/685c1b673a862730dd0a3b21/performance-detailed - 429
2025-06-28 11:56:27:5627 [ERROR]: ❌ Request error: GET /teachers/685c1b673a862730dd0a3b21/activities - 429
2025-06-28 11:56:28:5628 [ERROR]: ❌ Request error: GET /teachers/685c1b673a862730dd0a3b21/dashboard - 429
2025-06-28 11:56:28:5628 [ERROR]: ❌ Request error: GET /teachers/685c1b673a862730dd0a3b21/enrollment-statistics - 429
2025-06-28 11:56:28:5628 [ERROR]: ❌ Request error: GET /teachers/685c1b673a862730dd0a3b21/engagement-metrics - 429
2025-06-28 11:56:28:5628 [ERROR]: ❌ Request error: GET /teachers/685c1b673a862730dd0a3b21/performance-detailed - 429
2025-06-28 11:56:28:5628 [ERROR]: ❌ Request error: GET /teachers/685c1b673a862730dd0a3b21/activities - 429
2025-06-28 11:57:01:571 [ERROR]: ❌ Request error: GET /teachers/685c1b673a862730dd0a3b21/dashboard - 429
2025-06-28 11:57:01:571 [ERROR]: ❌ Request error: GET /teachers/685c1b673a862730dd0a3b21/enrollment-statistics - 429
2025-06-28 11:57:01:571 [ERROR]: ❌ Request error: GET /teachers/685c1b673a862730dd0a3b21/engagement-metrics - 429
2025-06-28 11:57:01:571 [ERROR]: ❌ Request error: GET /teachers/685c1b673a862730dd0a3b21/performance-detailed - 429
2025-06-28 11:57:03:573 [ERROR]: ❌ Request error: GET /teachers/685c1b673a862730dd0a3b21/activities - 429
2025-06-28 11:57:03:573 [ERROR]: ❌ Request error: GET /teachers/685c1b673a862730dd0a3b21/dashboard - 429
2025-06-28 11:57:03:573 [ERROR]: ❌ Request error: GET /teachers/685c1b673a862730dd0a3b21/enrollment-statistics - 429
2025-06-28 11:57:03:573 [ERROR]: ❌ Request error: GET /teachers/685c1b673a862730dd0a3b21/engagement-metrics - 429
2025-06-28 11:57:03:573 [ERROR]: ❌ Request error: GET /teachers/685c1b673a862730dd0a3b21/performance-detailed - 429
2025-06-28 12:04:16:416 [ERROR]: ❌ Request error: GET /teachers/685c1b673a862730dd0a3b21/enrollment-statistics - 429
2025-06-28 12:04:16:416 [ERROR]: ❌ Request error: GET /teachers/685c1b673a862730dd0a3b21/engagement-metrics - 429
2025-06-28 12:04:16:416 [ERROR]: ❌ Request error: GET /teachers/685c1b673a862730dd0a3b21/revenue-detailed - 429
2025-06-28 12:04:16:416 [ERROR]: ❌ Request error: GET /teachers/685c1b673a862730dd0a3b21/performance-detailed - 429
2025-06-28 12:04:16:416 [ERROR]: ❌ Request error: GET /teachers/685c1b673a862730dd0a3b21/revenue-detailed - 429
2025-06-28 12:04:16:416 [ERROR]: ❌ Request error: GET /teachers/685c1b673a862730dd0a3b21/enrollment-statistics - 429
2025-06-28 12:04:16:416 [ERROR]: ❌ Request error: GET /teachers/685c1b673a862730dd0a3b21/engagement-metrics - 429
2025-06-28 12:04:16:416 [ERROR]: ❌ Request error: GET /teachers/685c1b673a862730dd0a3b21/performance-detailed - 429
2025-06-28 12:04:16:416 [ERROR]: ❌ Request error: GET /teachers/685c1b673a862730dd0a3b21/dashboard - 429
2025-06-28 12:04:42:442 [ERROR]: ❌ Request error: GET /teachers/685c1b673a862730dd0a3b21/revenue-detailed - 429
2025-06-28 12:04:42:442 [ERROR]: ❌ Request error: GET /teachers/685c1b673a862730dd0a3b21/enrollment-statistics - 429
2025-06-28 12:04:42:442 [ERROR]: ❌ Request error: GET /teachers/685c1b673a862730dd0a3b21/dashboard - 429
2025-06-28 12:04:42:442 [ERROR]: ❌ Request error: GET /teachers/685c1b673a862730dd0a3b21/engagement-metrics - 429
2025-06-28 12:04:42:442 [ERROR]: ❌ Request error: GET /teachers/685c1b673a862730dd0a3b21/performance-detailed - 429
2025-06-28 12:04:43:443 [ERROR]: ❌ Request error: GET /teachers/685c1b673a862730dd0a3b21/revenue-detailed - 429
2025-06-28 12:04:43:443 [ERROR]: ❌ Request error: GET /teachers/685c1b673a862730dd0a3b21/enrollment-statistics - 429
2025-06-28 12:04:43:443 [ERROR]: ❌ Request error: GET /teachers/685c1b673a862730dd0a3b21/dashboard - 429
2025-06-28 12:04:43:443 [ERROR]: ❌ Request error: GET /teachers/685c1b673a862730dd0a3b21/engagement-metrics - 429
2025-06-28 12:04:43:443 [ERROR]: ❌ Request error: GET /teachers/685c1b673a862730dd0a3b21/performance-detailed - 429
2025-06-28 12:06:09:69 [ERROR]: ❌ Request error: GET /teachers/685c1b673a862730dd0a3b21/dashboard - 429
2025-06-28 12:06:09:69 [ERROR]: ❌ Request error: GET /teachers/685c1b673a862730dd0a3b21/enrollment-statistics - 429
2025-06-28 12:06:09:69 [ERROR]: ❌ Request error: GET /teachers/685c1b673a862730dd0a3b21/revenue-detailed - 429
2025-06-28 12:06:09:69 [ERROR]: ❌ Request error: GET /teachers/685c1b673a862730dd0a3b21/engagement-metrics - 429
2025-06-28 12:06:09:69 [ERROR]: ❌ Request error: GET /teachers/685c1b673a862730dd0a3b21/performance-detailed - 429
2025-06-28 12:06:11:611 [ERROR]: ❌ Request error: GET /teachers/685c1b673a862730dd0a3b21/activities - 429
2025-06-28 12:06:13:613 [ERROR]: ❌ Request error: GET /teachers/685c1b673a862730dd0a3b21/revenue-detailed - 429
2025-06-28 12:06:13:613 [ERROR]: ❌ Request error: GET /teachers/685c1b673a862730dd0a3b21/dashboard - 429
2025-06-28 12:06:13:613 [ERROR]: ❌ Request error: GET /teachers/685c1b673a862730dd0a3b21/enrollment-statistics - 429
2025-06-28 12:06:13:613 [ERROR]: ❌ Request error: GET /teachers/685c1b673a862730dd0a3b21/engagement-metrics - 429
2025-06-28 12:06:13:613 [ERROR]: ❌ Request error: GET /teachers/685c1b673a862730dd0a3b21/performance-detailed - 429
2025-06-28 12:06:13:613 [ERROR]: ❌ Request error: GET /teachers/685c1b673a862730dd0a3b21/activities - 429
2025-06-28 12:06:47:647 [ERROR]: ❌ Request error: GET /teachers/685c1b673a862730dd0a3b21/dashboard - 429
2025-06-28 12:06:47:647 [ERROR]: ❌ Request error: GET /teachers/685c1b673a862730dd0a3b21/revenue-detailed - 429
2025-06-28 12:06:47:647 [ERROR]: ❌ Request error: GET /teachers/685c1b673a862730dd0a3b21/enrollment-statistics - 429
2025-06-28 12:06:47:647 [ERROR]: ❌ Request error: GET /teachers/685c1b673a862730dd0a3b21/engagement-metrics - 429
2025-06-28 12:06:47:647 [ERROR]: ❌ Request error: GET /teachers/685c1b673a862730dd0a3b21/performance-detailed - 429
2025-06-28 12:06:48:648 [ERROR]: ❌ Request error: GET /teachers/685c1b673a862730dd0a3b21/activities - 429
2025-06-28 12:06:50:650 [ERROR]: ❌ Request error: GET /teachers/685c1b673a862730dd0a3b21/revenue-detailed - 429
2025-06-28 12:06:50:650 [ERROR]: ❌ Request error: GET /teachers/685c1b673a862730dd0a3b21/dashboard - 429
2025-06-28 12:06:50:650 [ERROR]: ❌ Request error: GET /teachers/685c1b673a862730dd0a3b21/activities - 429
2025-06-28 12:06:50:650 [ERROR]: ❌ Request error: GET /teachers/685c1b673a862730dd0a3b21/enrollment-statistics - 429
2025-06-28 12:06:50:650 [ERROR]: ❌ Request error: GET /teachers/685c1b673a862730dd0a3b21/engagement-metrics - 429
2025-06-28 12:06:50:650 [ERROR]: ❌ Request error: GET /teachers/685c1b673a862730dd0a3b21/performance-detailed - 429
2025-06-28 12:08:50:850 [ERROR]: ❌ Request error: GET /teachers/685c1b673a862730dd0a3b21/activities - 429
2025-06-28 12:10:50:1050 [ERROR]: ❌ Request error: GET /teachers/685c1b673a862730dd0a3b21/activities - 429
2025-06-28 12:11:48:1148 [ERROR]: ❌ Request error: GET /teachers/685c1b673a862730dd0a3b21/revenue-detailed - 429
2025-06-28 12:11:48:1148 [ERROR]: ❌ Request error: GET /teachers/685c1b673a862730dd0a3b21/dashboard - 429
2025-06-28 12:11:48:1148 [ERROR]: ❌ Request error: GET /teachers/685c1b673a862730dd0a3b21/activities - 429
2025-06-28 12:11:48:1148 [ERROR]: ❌ Request error: GET /teachers/685c1b673a862730dd0a3b21/enrollment-statistics - 429
2025-06-28 12:11:48:1148 [ERROR]: ❌ Request error: GET /teachers/685c1b673a862730dd0a3b21/engagement-metrics - 429
2025-06-28 12:11:48:1148 [ERROR]: ❌ Request error: GET /teachers/685c1b673a862730dd0a3b21/performance-detailed - 429
2025-06-28 12:13:48:1348 [ERROR]: ❌ Request error: GET /teachers/685c1b673a862730dd0a3b21/activities - 429
2025-06-28 12:35:15:3515 [ERROR]: ❌ Request error: GET /api/v1/health - 404
2025-06-28 12:40:53:4053 [ERROR]: ❌ Request error: GET /api/v1/courses/creator/test-id - 401
2025-06-28 12:45:33:4533 [ERROR]: ❌ Request error: GET /api/v1/analytics/teachers/685c1b673a862730dd0a3b21/dashboard - 401
2025-06-28 12:45:33:4533 [ERROR]: ❌ Request error: GET /api/v1/users/me - 401
2025-06-28 12:45:34:4534 [ERROR]: ❌ Request error: GET /api/v1/analytics/teachers/685c1b673a862730dd0a3b21/enrollment-statistics - 401
2025-06-28 12:45:34:4534 [ERROR]: ❌ Request error: GET /api/v1/analytics/teachers/685c1b673a862730dd0a3b21/engagement-metrics - 401
2025-06-28 12:45:34:4534 [ERROR]: ❌ Request error: GET /api/v1/analytics/teachers/685c1b673a862730dd0a3b21/revenue-detailed - 401
2025-06-28 12:45:34:4534 [ERROR]: ❌ Request error: GET /api/v1/analytics/teachers/685c1b673a862730dd0a3b21/performance-detailed - 401
2025-06-28 12:46:29:4629 [ERROR]: ❌ Request error: GET /api/v1/analytics/teachers/685c1b673a862730dd0a3b21/dashboard - 401
2025-06-28 12:46:29:4629 [ERROR]: ❌ Request error: GET /favicon.ico - 404
2025-06-28 15:18:51:1851 [ERROR]: ❌ Request error: GET /api/v1/users/me - 401
2025-06-28 15:56:59:5659 [ERROR]: ❌ Request error: GET /api/v1/messaging/users/685c1b673a862730dd0a3b21/stats - 403
2025-06-28 15:57:34:5734 [ERROR]: ❌ Request error: GET /api/v1/messaging/users/685c1b673a862730dd0a3b21/stats - 403
2025-06-28 15:57:42:5742 [ERROR]: ❌ Request error: GET /api/v1/messaging/users/685c1b673a862730dd0a3b21/stats - 403
2025-06-28 16:05:37:537 [ERROR]: ❌ Request error: GET /api/v1/messaging/users/685c1b673a862730dd0a3b21/stats - 403
2025-06-28 16:05:49:549 [ERROR]: ❌ Request error: GET /api/v1/messaging/users/685c1b673a862730dd0a3b21/stats - 403
2025-06-28 16:07:51:751 [ERROR]: ❌ Request error: GET /api/v1/messaging/users/685c1b673a862730dd0a3b21/stats - 403
2025-06-28 16:08:01:81 [ERROR]: ❌ Request error: GET /api/v1/messaging/users/685c1b673a862730dd0a3b21/stats - 403
2025-06-28 16:16:45:1645 [ERROR]: ❌ Request error: GET /api/v1/messaging/users/685c1b673a862730dd0a3b21/stats - 403
2025-06-28 16:16:54:1654 [ERROR]: ❌ Request error: GET /api/v1/messaging/users/685c1b673a862730dd0a3b21/stats - 403
2025-06-28 16:21:49:2149 [ERROR]: ❌ Request error: GET /api/v1/messaging/users/685c1b673a862730dd0a3b21/stats - 403
2025-06-28 16:22:09:229 [ERROR]: ❌ Request error: GET /api/v1/messaging/users/685c1b673a862730dd0a3b21/stats - 403
2025-06-28 16:24:19:2419 [ERROR]: ❌ Request error: GET /api/v1/reviews/teacher/685c1b673a862730dd0a3b21/stats - 404
2025-06-28 16:24:19:2419 [ERROR]: ❌ Request error: GET /api/v1/reviews/teacher/685c1b673a862730dd0a3b21/dashboard - 404
2025-06-28 16:24:29:2429 [ERROR]: ❌ Request error: GET /api/v1/payments/payouts/[object%20Object] - 500
2025-06-28 16:24:33:2433 [ERROR]: ❌ Request error: GET /api/v1/reviews/teacher/685c1b673a862730dd0a3b21/stats - 404
2025-06-28 16:24:33:2433 [ERROR]: ❌ Request error: GET /api/v1/reviews/teacher/685c1b673a862730dd0a3b21/dashboard - 404
2025-06-28 16:26:41:2641 [ERROR]: ❌ Request error: GET /api/v1/messaging/users/685c1b673a862730dd0a3b21/stats - 403
2025-06-28 16:40:07:407 [ERROR]: ❌ Request error: GET /api/v1/analytics/teachers/685c1b673a862730dd0a3b21/dashboard - 401
2025-06-28 16:40:07:407 [ERROR]: ❌ Request error: GET /api/v1/users/me - 401
2025-06-28 16:40:07:407 [ERROR]: ❌ Request error: GET /api/v1/analytics/teachers/685c1b673a862730dd0a3b21/enrollment-statistics - 401
2025-06-28 16:40:07:407 [ERROR]: ❌ Request error: GET /api/v1/analytics/teachers/685c1b673a862730dd0a3b21/engagement-metrics - 401
2025-06-28 16:40:07:407 [ERROR]: ❌ Request error: GET /api/v1/analytics/teachers/685c1b673a862730dd0a3b21/revenue-detailed - 401
2025-06-28 16:40:07:407 [ERROR]: ❌ Request error: GET /api/v1/analytics/teachers/685c1b673a862730dd0a3b21/performance-detailed - 401
2025-06-28 16:40:10:4010 [ERROR]: ❌ Request error: GET /api/v1/messaging/users/685c1b673a862730dd0a3b21/stats - 403
2025-06-28 16:40:12:4012 [ERROR]: ❌ Request error: GET /api/v1/messaging/users/685c1b673a862730dd0a3b21/stats - 403
2025-06-28 16:41:50:4150 [ERROR]: ❌ Request error: GET /api/v1/analytics/teachers/undefined/enrollment-statistics - 400
2025-06-28 16:41:50:4150 [ERROR]: ❌ Request error: GET /api/v1/analytics/teachers/undefined/performance-detailed - 400
2025-06-28 16:41:54:4154 [ERROR]: ❌ Request error: GET /api/v1/analytics/teachers/685c1b673a862730dd0a3b21/student-engagement - 404
2025-06-28 16:42:05:425 [ERROR]: ❌ Request error: GET /api/v1/analytics/teachers/undefined/enrollment-statistics - 400
2025-06-28 16:42:05:425 [ERROR]: ❌ Request error: GET /api/v1/analytics/teachers/undefined/performance-detailed - 400
2025-06-28 16:42:09:429 [ERROR]: ❌ Request error: GET /api/v1/reviews/teacher/685c1b673a862730dd0a3b21/stats - 404
2025-06-28 16:42:09:429 [ERROR]: ❌ Request error: GET /api/v1/reviews/teacher/685c1b673a862730dd0a3b21/dashboard - 404
2025-06-28 16:42:17:4217 [ERROR]: ❌ Request error: GET /api/v1/messaging/users/685c1b673a862730dd0a3b21/stats - 403
2025-06-28 16:46:51:4651 [ERROR]: ❌ Request error: GET /api/v1/messaging/users/685c1b673a862730dd0a3b21/stats - 403
2025-06-28 16:47:03:473 [ERROR]: ❌ Request error: GET /api/v1/messaging/users/685c1b673a862730dd0a3b21/stats - 403
2025-06-28 16:47:16:4716 [ERROR]: ❌ Request error: GET /api/v1/messaging/users/685c1b673a862730dd0a3b21/stats - 403
2025-06-28 16:47:30:4730 [ERROR]: ❌ Request error: GET /api/v1/messaging/users/685c1b673a862730dd0a3b21/stats - 403
2025-06-28 16:48:01:481 [ERROR]: ❌ Request error: GET /api/v1/messaging/users/685c1b673a862730dd0a3b21/stats - 403
2025-06-28 16:48:30:4830 [ERROR]: ❌ Request error: GET /api/v1/messaging/users/685c1b673a862730dd0a3b21/stats - 403
2025-06-28 16:48:33:4833 [ERROR]: ❌ Request error: GET /api/v1/messaging/users/685c1b673a862730dd0a3b21/stats - 403
2025-06-28 16:48:43:4843 [ERROR]: ❌ Request error: GET /api/v1/messaging/users/685c1b673a862730dd0a3b21/stats - 403
2025-06-28 16:50:12:5012 [ERROR]: ❌ Request error: GET /api/v1/messaging/users/685c1b673a862730dd0a3b21/stats - 403
2025-06-28 16:50:14:5014 [ERROR]: ❌ Request error: GET /api/v1/messaging/users/685c1b673a862730dd0a3b21/stats - 403
2025-06-28 16:53:34:5334 [ERROR]: ❌ Request error: GET /api/v1/messaging/users/685c1b673a862730dd0a3b21/stats - 403
2025-06-28 16:53:50:5350 [ERROR]: ❌ Request error: GET /api/v1/messaging/users/685c1b673a862730dd0a3b21/stats - 403
2025-06-28 16:54:09:549 [ERROR]: ❌ Request error: GET /api/v1/messaging/users/685c1b673a862730dd0a3b21/stats - 403
2025-06-28 16:54:30:5430 [ERROR]: ❌ Request error: GET /api/v1/messaging/users/685c1b673a862730dd0a3b21/stats - 403
2025-06-28 16:55:12:5512 [ERROR]: ❌ Request error: GET /api/v1/messaging/users/685c1b673a862730dd0a3b21/stats - 403
2025-06-28 16:55:14:5514 [ERROR]: ❌ Request error: GET /api/v1/messaging/users/685c1b673a862730dd0a3b21/stats - 403
2025-06-28 16:58:07:587 [ERROR]: ❌ Request error: GET /api/v1/messaging/users/685c1b673a862730dd0a3b21/stats - 403
2025-06-28 17:03:05:35 [ERROR]: ❌ Request error: GET /api/v1/messaging/users/685c1b673a862730dd0a3b21/stats - 403
2025-06-28 17:08:05:85 [ERROR]: ❌ Request error: GET /api/v1/messaging/users/685c1b673a862730dd0a3b21/stats - 403
2025-06-28 17:13:05:135 [ERROR]: ❌ Request error: GET /api/v1/messaging/users/685c1b673a862730dd0a3b21/stats - 403
2025-06-28 17:18:05:185 [ERROR]: ❌ Request error: GET /api/v1/messaging/users/685c1b673a862730dd0a3b21/stats - 403
2025-06-28 17:23:05:235 [ERROR]: ❌ Request error: GET /api/v1/messaging/users/685c1b673a862730dd0a3b21/stats - 403
2025-06-28 17:28:05:285 [ERROR]: ❌ Request error: GET /api/v1/messaging/users/685c1b673a862730dd0a3b21/stats - 403
2025-06-28 17:33:05:335 [ERROR]: ❌ Request error: GET /api/v1/messaging/users/685c1b673a862730dd0a3b21/stats - 403
2025-06-28 17:38:05:385 [ERROR]: ❌ Request error: GET /api/v1/messaging/users/685c1b673a862730dd0a3b21/stats - 403
2025-06-28 17:43:05:435 [ERROR]: ❌ Request error: GET /api/v1/messaging/users/685c1b673a862730dd0a3b21/stats - 403
2025-06-28 17:48:05:485 [ERROR]: ❌ Request error: GET /api/v1/messaging/users/685c1b673a862730dd0a3b21/stats - 403
2025-06-28 17:53:05:535 [ERROR]: ❌ Request error: GET /api/v1/messaging/users/685c1b673a862730dd0a3b21/stats - 403
2025-06-28 17:58:05:585 [ERROR]: ❌ Request error: GET /api/v1/messaging/users/685c1b673a862730dd0a3b21/stats - 403
2025-06-28 18:03:05:35 [ERROR]: ❌ Request error: GET /api/v1/messaging/users/685c1b673a862730dd0a3b21/stats - 403
2025-06-28 18:08:05:85 [ERROR]: ❌ Request error: GET /api/v1/messaging/users/685c1b673a862730dd0a3b21/stats - 403
2025-06-28 18:13:05:135 [ERROR]: ❌ Request error: GET /api/v1/messaging/users/685c1b673a862730dd0a3b21/stats - 403
2025-06-28 18:18:05:185 [ERROR]: ❌ Request error: GET /api/v1/messaging/users/685c1b673a862730dd0a3b21/stats - 403
2025-06-28 18:23:05:235 [ERROR]: ❌ Request error: GET /api/v1/messaging/users/685c1b673a862730dd0a3b21/stats - 403
2025-06-28 18:28:05:285 [ERROR]: ❌ Request error: GET /api/v1/messaging/users/685c1b673a862730dd0a3b21/stats - 403
2025-06-28 18:33:05:335 [ERROR]: ❌ Request error: GET /api/v1/messaging/users/685c1b673a862730dd0a3b21/stats - 403
2025-06-28 18:38:05:385 [ERROR]: ❌ Request error: GET /api/v1/messaging/users/685c1b673a862730dd0a3b21/stats - 403
2025-06-28 18:43:05:435 [ERROR]: ❌ Request error: GET /api/v1/messaging/users/685c1b673a862730dd0a3b21/stats - 403
2025-06-28 18:48:05:485 [ERROR]: ❌ Request error: GET /api/v1/messaging/users/685c1b673a862730dd0a3b21/stats - 403
2025-06-28 18:53:05:535 [ERROR]: ❌ Request error: GET /api/v1/messaging/users/685c1b673a862730dd0a3b21/stats - 403
2025-06-28 18:58:05:585 [ERROR]: ❌ Request error: GET /api/v1/messaging/users/685c1b673a862730dd0a3b21/stats - 403
2025-06-28 19:03:05:35 [ERROR]: ❌ Request error: GET /api/v1/messaging/users/685c1b673a862730dd0a3b21/stats - 403
2025-06-28 19:08:05:85 [ERROR]: ❌ Request error: GET /api/v1/messaging/users/685c1b673a862730dd0a3b21/stats - 403
2025-06-28 19:13:05:135 [ERROR]: ❌ Request error: GET /api/v1/messaging/users/685c1b673a862730dd0a3b21/stats - 403
2025-06-28 19:18:05:185 [ERROR]: ❌ Request error: GET /api/v1/messaging/users/685c1b673a862730dd0a3b21/stats - 403
2025-06-28 19:23:05:235 [ERROR]: ❌ Request error: GET /api/v1/messaging/users/685c1b673a862730dd0a3b21/stats - 403
2025-06-28 19:28:05:285 [ERROR]: ❌ Request error: GET /api/v1/messaging/users/685c1b673a862730dd0a3b21/stats - 403
2025-06-28 19:33:05:335 [ERROR]: ❌ Request error: GET /api/v1/messaging/users/685c1b673a862730dd0a3b21/stats - 403
2025-06-28 19:38:05:385 [ERROR]: ❌ Request error: GET /api/v1/messaging/users/685c1b673a862730dd0a3b21/stats - 403
2025-06-28 19:43:05:435 [ERROR]: ❌ Request error: GET /api/v1/messaging/users/685c1b673a862730dd0a3b21/stats - 403
2025-06-28 19:48:05:485 [ERROR]: ❌ Request error: GET /api/v1/messaging/users/685c1b673a862730dd0a3b21/stats - 403
2025-06-28 19:53:05:535 [ERROR]: ❌ Request error: GET /api/v1/messaging/users/685c1b673a862730dd0a3b21/stats - 403
2025-06-28 19:55:13:5513 [ERROR]: ❌ Request error: GET /api/v1/messaging/users/685c1b673a862730dd0a3b21/stats - 403
2025-06-28 19:56:36:5636 [ERROR]: ❌ Request error: GET /api/v1/messaging/users/685c1b673a862730dd0a3b21/stats - 403
2025-06-28 19:56:38:5638 [ERROR]: ❌ Request error: GET /api/v1/messaging/users/685c1b673a862730dd0a3b21/stats - 403
2025-06-28 19:56:54:5654 [ERROR]: ❌ Request error: GET /api/v1/messaging/users/685c1b673a862730dd0a3b21/stats - 403
2025-06-28 19:57:20:5720 [ERROR]: ❌ Request error: GET /api/v1/messaging/users/685c1b673a862730dd0a3b21/stats - 403
2025-06-28 19:57:41:5741 [ERROR]: ❌ Request error: GET /api/v1/messaging/users/685c1b673a862730dd0a3b21/stats - 403
2025-06-28 19:58:10:5810 [ERROR]: ❌ Request error: GET /api/v1/messaging/users/685c1b673a862730dd0a3b21/stats - 403
2025-06-28 19:58:40:5840 [ERROR]: ❌ Request error: GET /api/v1/messaging/users/685c1b673a862730dd0a3b21/stats - 403
2025-06-28 19:58:42:5842 [ERROR]: ❌ Request error: GET /api/v1/messaging/users/685c1b673a862730dd0a3b21/stats - 403
2025-06-28 19:59:03:593 [ERROR]: ❌ Request error: GET /api/v1/messaging/users/685c1b673a862730dd0a3b21/stats - 403
2025-06-28 19:59:23:5923 [ERROR]: ❌ Request error: GET /api/v1/messaging/users/685c1b673a862730dd0a3b21/stats - 403
2025-06-28 19:59:45:5945 [ERROR]: ❌ Request error: GET /api/v1/messaging/users/685c1b673a862730dd0a3b21/stats - 403
2025-06-28 20:00:15:015 [ERROR]: ❌ Request error: GET /api/v1/messaging/users/685c1b673a862730dd0a3b21/stats - 403
2025-06-28 20:00:43:043 [ERROR]: ❌ Request error: GET /api/v1/messaging/users/685c1b673a862730dd0a3b21/stats - 403
2025-06-28 20:00:59:059 [ERROR]: ❌ Request error: GET /api/v1/messaging/users/685c1b673a862730dd0a3b21/stats - 403
2025-06-28 20:01:16:116 [ERROR]: ❌ Request error: GET /api/v1/messaging/users/685c1b673a862730dd0a3b21/stats - 403
2025-06-28 20:01:36:136 [ERROR]: ❌ Request error: GET /api/v1/messaging/users/685c1b673a862730dd0a3b21/stats - 403
2025-06-28 20:02:07:27 [ERROR]: ❌ Request error: GET /api/v1/messaging/users/685c1b673a862730dd0a3b21/stats - 403
2025-06-28 20:02:37:237 [ERROR]: ❌ Request error: GET /api/v1/messaging/users/685c1b673a862730dd0a3b21/stats - 403
2025-06-28 20:02:47:247 [ERROR]: ❌ Request error: GET /api/v1/messaging/users/685c1b673a862730dd0a3b21/stats - 403
2025-06-28 20:03:17:317 [ERROR]: ❌ Request error: GET /api/v1/messaging/users/685c1b673a862730dd0a3b21/stats - 403
2025-06-28 20:03:47:347 [ERROR]: ❌ Request error: GET /api/v1/messaging/users/685c1b673a862730dd0a3b21/stats - 403
2025-06-28 20:04:18:418 [ERROR]: ❌ Request error: GET /api/v1/messaging/users/685c1b673a862730dd0a3b21/stats - 403
2025-06-28 20:04:48:448 [ERROR]: ❌ Request error: GET /api/v1/messaging/users/685c1b673a862730dd0a3b21/stats - 403
2025-06-28 20:05:18:518 [ERROR]: ❌ Request error: GET /api/v1/messaging/users/685c1b673a862730dd0a3b21/stats - 403
2025-06-28 20:05:49:549 [ERROR]: ❌ Request error: GET /api/v1/messaging/users/685c1b673a862730dd0a3b21/stats - 403
2025-06-28 20:05:51:551 [ERROR]: ❌ Request error: GET /api/v1/users/me - 401
2025-06-28 20:06:19:619 [ERROR]: ❌ Request error: GET /api/v1/messaging/users/685c1b673a862730dd0a3b21/stats - 403
2025-06-28 20:06:36:636 [ERROR]: ❌ Request error: GET /api/v1/messaging/users/685c1b673a862730dd0a3b21/stats - 403
2025-06-28 20:07:07:77 [ERROR]: ❌ Request error: GET /api/v1/messaging/users/685c1b673a862730dd0a3b21/stats - 403
2025-06-28 20:07:38:738 [ERROR]: ❌ Request error: GET /api/v1/messaging/users/685c1b673a862730dd0a3b21/stats - 403
2025-06-28 20:08:09:89 [ERROR]: ❌ Request error: GET /api/v1/messaging/users/685c1b673a862730dd0a3b21/stats - 403
2025-06-28 20:08:40:840 [ERROR]: ❌ Request error: GET /api/v1/messaging/users/685c1b673a862730dd0a3b21/stats - 403
2025-06-28 20:09:11:911 [ERROR]: ❌ Request error: GET /api/v1/messaging/users/685c1b673a862730dd0a3b21/stats - 403
2025-06-28 20:09:42:942 [ERROR]: ❌ Request error: GET /api/v1/messaging/users/685c1b673a862730dd0a3b21/stats - 403
2025-06-28 20:10:16:1016 [ERROR]: ❌ Request error: GET /api/v1/messaging/users/685c1b673a862730dd0a3b21/stats - 403
2025-06-28 20:10:19:1019 [ERROR]: ❌ Request error: GET /api/v1/messaging/users/685c1b673a862730dd0a3b21/stats - 403
2025-06-28 20:10:30:1030 [ERROR]: ❌ Request error: GET /api/v1/messaging/users/685c1b673a862730dd0a3b21/stats - 403
2025-06-28 20:10:32:1032 [ERROR]: ❌ Request error: GET /api/v1/messaging/users/685c1b673a862730dd0a3b21/stats - 403
2025-06-28 20:11:02:112 [ERROR]: ❌ Request error: GET /api/v1/messaging/users/685c1b673a862730dd0a3b21/stats - 403
2025-06-28 20:11:32:1132 [ERROR]: ❌ Request error: GET /api/v1/messaging/users/685c1b673a862730dd0a3b21/stats - 403
2025-06-28 20:12:02:122 [ERROR]: ❌ Request error: GET /api/v1/messaging/users/685c1b673a862730dd0a3b21/stats - 403
2025-06-28 20:12:32:1232 [ERROR]: ❌ Request error: GET /api/v1/messaging/users/685c1b673a862730dd0a3b21/stats - 403
2025-06-28 20:13:03:133 [ERROR]: ❌ Request error: GET /api/v1/messaging/users/685c1b673a862730dd0a3b21/stats - 403
2025-06-28 20:13:33:1333 [ERROR]: ❌ Request error: GET /api/v1/messaging/users/685c1b673a862730dd0a3b21/stats - 403
2025-06-28 20:14:03:143 [ERROR]: ❌ Request error: GET /api/v1/messaging/users/685c1b673a862730dd0a3b21/stats - 403
2025-06-28 20:14:33:1433 [ERROR]: ❌ Request error: GET /api/v1/messaging/users/685c1b673a862730dd0a3b21/stats - 403
2025-06-28 20:15:03:153 [ERROR]: ❌ Request error: GET /api/v1/messaging/users/685c1b673a862730dd0a3b21/stats - 403
2025-06-28 20:15:30:1530 [ERROR]: ❌ Request error: GET /api/v1/messaging/users/685c1b673a862730dd0a3b21/stats - 403
2025-06-28 20:16:01:161 [ERROR]: ❌ Request error: GET /api/v1/messaging/users/685c1b673a862730dd0a3b21/stats - 403
2025-06-28 20:16:31:1631 [ERROR]: ❌ Request error: GET /api/v1/messaging/users/685c1b673a862730dd0a3b21/stats - 403
2025-06-28 20:17:01:171 [ERROR]: ❌ Request error: GET /api/v1/messaging/users/685c1b673a862730dd0a3b21/stats - 403
2025-06-28 20:17:31:1731 [ERROR]: ❌ Request error: GET /api/v1/messaging/users/685c1b673a862730dd0a3b21/stats - 403
2025-06-28 20:17:34:1734 [ERROR]: ❌ Request error: GET /api/v1/messaging/users/685c1b673a862730dd0a3b21/stats - 403
2025-06-28 20:17:36:1736 [ERROR]: ❌ Request error: GET /api/v1/messaging/users/685c1b673a862730dd0a3b21/stats - 403
2025-06-28 20:18:02:182 [ERROR]: ❌ Request error: GET /api/v1/messaging/users/685c1b673a862730dd0a3b21/stats - 403
2025-06-28 20:18:24:1824 [ERROR]: ❌ Request error: GET /api/v1/messaging/users/685c1b673a862730dd0a3b21/stats - 403
2025-06-28 20:18:54:1854 [ERROR]: ❌ Request error: GET /api/v1/messaging/users/685c1b673a862730dd0a3b21/stats - 403
2025-06-28 20:19:25:1925 [ERROR]: ❌ Request error: GET /api/v1/messaging/users/685c1b673a862730dd0a3b21/stats - 403
2025-06-28 20:19:55:1955 [ERROR]: ❌ Request error: GET /api/v1/messaging/users/685c1b673a862730dd0a3b21/stats - 403
2025-06-28 20:20:25:2025 [ERROR]: ❌ Request error: GET /api/v1/messaging/users/685c1b673a862730dd0a3b21/stats - 403
2025-06-28 20:20:55:2055 [ERROR]: ❌ Request error: GET /api/v1/messaging/users/685c1b673a862730dd0a3b21/stats - 403
2025-06-28 20:21:31:2131 [ERROR]: ❌ Request error: GET /api/v1/messaging/users/685c1b673a862730dd0a3b21/stats - 403
2025-06-28 20:21:33:2133 [ERROR]: ❌ Request error: GET /api/v1/messaging/users/685c1b673a862730dd0a3b21/stats - 403
2025-06-28 20:22:03:223 [ERROR]: ❌ Request error: GET /api/v1/messaging/users/685c1b673a862730dd0a3b21/stats - 403
2025-06-28 20:22:35:2235 [ERROR]: ❌ Request error: GET /api/v1/messaging/users/685c1b673a862730dd0a3b21/stats - 403
2025-06-28 20:23:05:235 [ERROR]: ❌ Request error: GET /api/v1/messaging/users/685c1b673a862730dd0a3b21/stats - 403
2025-06-28 20:23:32:2332 [ERROR]: ❌ Request error: GET /api/v1/messaging/users/685c1b673a862730dd0a3b21/stats - 403
2025-06-28 20:23:49:2349 [ERROR]: ❌ Request error: GET /api/v1/messaging/users/685c1b673a862730dd0a3b21/stats - 403
2025-06-28 20:24:07:247 [ERROR]: ❌ Request error: GET /api/v1/messaging/users/685c1b673a862730dd0a3b21/stats - 403
2025-06-28 20:24:24:2424 [ERROR]: ❌ Request error: GET /api/v1/messaging/users/685c1b673a862730dd0a3b21/stats - 403
2025-06-28 20:24:45:2445 [ERROR]: ❌ Request error: GET /api/v1/messaging/users/685c1b673a862730dd0a3b21/stats - 403
2025-06-28 20:25:05:255 [ERROR]: ❌ Request error: GET /api/v1/messaging/users/685c1b673a862730dd0a3b21/stats - 403
2025-06-28 20:25:35:2535 [ERROR]: ❌ Request error: GET /api/v1/messaging/users/685c1b673a862730dd0a3b21/stats - 403
2025-06-28 20:26:06:266 [ERROR]: ❌ Request error: GET /api/v1/messaging/users/685c1b673a862730dd0a3b21/stats - 403
2025-06-28 20:33:41:3341 [ERROR]: ❌ Request error: GET /api/v1/messaging/users/685c1b673a862730dd0a3b21/stats - 403
2025-06-28 20:33:43:3343 [ERROR]: ❌ Request error: GET /api/v1/messaging/users/685c1b673a862730dd0a3b21/stats - 403
2025-06-28 20:34:13:3413 [ERROR]: ❌ Request error: GET /api/v1/messaging/users/685c1b673a862730dd0a3b21/stats - 403
2025-06-28 20:34:43:3443 [ERROR]: ❌ Request error: GET /api/v1/messaging/users/685c1b673a862730dd0a3b21/stats - 403
2025-06-28 20:35:13:3513 [ERROR]: ❌ Request error: GET /api/v1/messaging/users/685c1b673a862730dd0a3b21/stats - 403
2025-06-28 20:35:43:3543 [ERROR]: ❌ Request error: GET /api/v1/messaging/users/685c1b673a862730dd0a3b21/stats - 403
2025-06-28 20:36:13:3613 [ERROR]: ❌ Request error: GET /api/v1/messaging/users/685c1b673a862730dd0a3b21/stats - 403
2025-06-28 20:36:44:3644 [ERROR]: ❌ Request error: GET /api/v1/messaging/users/685c1b673a862730dd0a3b21/stats - 403
2025-06-28 20:37:14:3714 [ERROR]: ❌ Request error: GET /api/v1/messaging/users/685c1b673a862730dd0a3b21/stats - 403
2025-06-28 20:37:44:3744 [ERROR]: ❌ Request error: GET /api/v1/messaging/users/685c1b673a862730dd0a3b21/stats - 403
2025-06-28 20:38:15:3815 [ERROR]: ❌ Request error: GET /api/v1/messaging/users/685c1b673a862730dd0a3b21/stats - 403
2025-06-28 20:38:43:3843 [ERROR]: ❌ Request error: GET /api/v1/messaging/users/685c1b673a862730dd0a3b21/stats - 403
2025-06-28 20:39:13:3913 [ERROR]: ❌ Request error: GET /api/v1/messaging/users/685c1b673a862730dd0a3b21/stats - 403
2025-06-28 20:39:44:3944 [ERROR]: ❌ Request error: GET /api/v1/messaging/users/685c1b673a862730dd0a3b21/stats - 403
2025-06-28 20:40:16:4016 [ERROR]: ❌ Request error: GET /api/v1/messaging/users/685c1b673a862730dd0a3b21/stats - 403
2025-06-28 21:28:13:2813 [ERROR]: ❌ Request error: GET /api/v1/messaging/users/685c1b673a862730dd0a3b21/stats - 403
2025-06-28 21:28:16:2816 [ERROR]: ❌ Request error: GET /api/v1/messaging/users/685c1b673a862730dd0a3b21/stats - 403
2025-06-28 21:28:47:2847 [ERROR]: ❌ Request error: GET /api/v1/messaging/users/685c1b673a862730dd0a3b21/stats - 403
2025-06-28 21:29:17:2917 [ERROR]: ❌ Request error: GET /api/v1/messaging/users/685c1b673a862730dd0a3b21/stats - 403
2025-06-28 21:29:47:2947 [ERROR]: ❌ Request error: GET /api/v1/messaging/users/685c1b673a862730dd0a3b21/stats - 403
2025-06-28 21:30:18:3018 [ERROR]: ❌ Request error: GET /api/v1/messaging/users/685c1b673a862730dd0a3b21/stats - 403
2025-06-28 21:30:48:3048 [ERROR]: ❌ Request error: GET /api/v1/messaging/users/685c1b673a862730dd0a3b21/stats - 403
2025-06-28 21:33:15:3315 [ERROR]: ❌ Request error: GET /api/v1/messaging/users/685c1b673a862730dd0a3b21/stats - 403
2025-06-28 21:33:45:3345 [ERROR]: ❌ Request error: GET /api/v1/messaging/users/685c1b673a862730dd0a3b21/stats - 403
2025-06-28 21:34:15:3415 [ERROR]: ❌ Request error: GET /api/v1/messaging/users/685c1b673a862730dd0a3b21/stats - 403
2025-06-28 21:35:04:354 [ERROR]: ❌ Request error: GET /api/v1/messaging/users/685c1b673a862730dd0a3b21/stats - 403
2025-06-28 21:36:00:360 [ERROR]: ❌ Request error: GET /api/v1/messaging/users/685c1b673a862730dd0a3b21/stats - 403
2025-06-28 21:36:12:3612 [ERROR]: ❌ Request error: GET /api/v1/messaging/users/685c1b673a862730dd0a3b21/stats - 403
2025-06-28 21:36:42:3642 [ERROR]: ❌ Request error: GET /api/v1/messaging/users/685c1b673a862730dd0a3b21/stats - 403
2025-06-28 22:07:03:73 [ERROR]: ❌ Request error: GET /api/v1/analytics/teachers/undefined/enrollment-statistics - 400
2025-06-28 22:07:03:73 [ERROR]: ❌ Request error: GET /api/v1/analytics/teachers/undefined/performance-detailed - 400
2025-06-28 22:14:07:147 [ERROR]: ❌ Request error: GET /api/v1/analytics/teachers/undefined/enrollment-statistics - 400
2025-06-28 22:14:07:147 [ERROR]: ❌ Request error: GET /api/v1/analytics/teachers/undefined/performance-detailed - 400
2025-06-28 22:14:08:148 [ERROR]: ❌ Request error: GET /api/v1/reviews/teacher/685c1b673a862730dd0a3b21/stats - 404
2025-06-28 22:14:08:148 [ERROR]: ❌ Request error: GET /api/v1/reviews/teacher/685c1b673a862730dd0a3b21/dashboard - 404
2025-06-28 22:21:13:2113 [ERROR]: ❌ Request error: GET /api/v1/analytics/teachers/undefined/enrollment-statistics - 400
2025-06-28 22:21:13:2113 [ERROR]: ❌ Request error: GET /api/v1/analytics/teachers/undefined/performance-detailed - 400
2025-06-28 22:21:14:2114 [ERROR]: ❌ Request error: GET /api/v1/reviews/teacher/685c1b673a862730dd0a3b21/stats - 404
2025-06-28 22:21:14:2114 [ERROR]: ❌ Request error: GET /api/v1/reviews/teacher/685c1b673a862730dd0a3b21/dashboard - 404
2025-06-28 22:28:20:2820 [ERROR]: ❌ Request error: GET /api/v1/analytics/teachers/undefined/performance-detailed - 400
2025-06-28 22:28:20:2820 [ERROR]: ❌ Request error: GET /api/v1/analytics/teachers/undefined/enrollment-statistics - 400
2025-06-28 22:28:37:2837 [ERROR]: ❌ Request error: GET /api/v1/analytics/teachers/685c1b673a862730dd0a3b21/student-engagement - 404
2025-06-28 22:28:42:2842 [ERROR]: ❌ Request error: GET /api/v1/reviews/teacher/685c1b673a862730dd0a3b21/stats - 404
2025-06-28 22:28:42:2842 [ERROR]: ❌ Request error: GET /api/v1/reviews/teacher/685c1b673a862730dd0a3b21/dashboard - 404
2025-06-28 22:29:46:2946 [ERROR]: ❌ Request error: GET /api/v1/analytics/teachers/undefined/enrollment-statistics - 400
2025-06-28 22:29:46:2946 [ERROR]: ❌ Request error: GET /api/v1/analytics/teachers/undefined/performance-detailed - 400
2025-06-28 22:50:22:5022 [ERROR]: ❌ Request error: GET /api/health - 404
2025-06-28 22:50:31:5031 [ERROR]: ❌ Request error: GET /api/analytics/teachers/685c1b673a862730dd0a3b21/dashboard - 404
2025-06-28 22:50:31:5031 [ERROR]: ❌ Request error: GET /api/stripe-connect/account-status - 404
2025-06-28 22:50:31:5031 [ERROR]: ❌ Request error: GET /api/analytics/teachers/685c1b673a862730dd0a3b21/overview - 404
2025-06-28 22:50:31:5031 [ERROR]: ❌ Request error: GET /api/payments/upcoming-payout/685c1b673a862730dd0a3b21 - 404
2025-06-28 23:20:16:2016 [ERROR]: ❌ Request error: GET /api/v1/teacher/dashboard/summary - 404
2025-06-28 23:20:16:2016 [ERROR]: ❌ Request error: GET /api/v1/teacher/analytics/overview - 404
2025-06-28 23:20:16:2016 [ERROR]: ❌ Request error: GET /api/v1/payments/upcoming-payout - 404
2025-06-28 23:20:16:2016 [ERROR]: ❌ Request error: GET /api/v1/payments/history - 404
2025-06-28 23:20:16:2016 [ERROR]: ❌ Request error: GET /api/v1/payments/earnings-summary - 404
2025-06-28 23:20:16:2016 [ERROR]: ❌ Request error: GET /api/v1/stripe-connect/account-status - 401
2025-06-28 23:20:16:2016 [ERROR]: ❌ Request error: GET /api/v1/stripe-connect/onboarding-url - 404
2025-06-28 23:20:16:2016 [ERROR]: ❌ Request error: GET /api/v1/teacher/courses - 404
2025-06-28 23:20:16:2016 [ERROR]: ❌ Request error: GET /api/v1/teacher/courses/analytics - 404
2025-06-28 23:20:16:2016 [ERROR]: ❌ Request error: GET /api/v1/teacher/students - 404
2025-06-28 23:20:17:2017 [ERROR]: ❌ Request error: GET /api/v1/teacher/students/analytics - 404
2025-06-28 23:20:17:2017 [ERROR]: ❌ Request error: GET /api/v1/notifications - 404
2025-06-28 23:20:17:2017 [ERROR]: ❌ Request error: GET /api/v1/notifications/unread-count - 404
2025-06-28 23:20:17:2017 [ERROR]: ❌ Request error: GET /api/v1/teacher/profile - 404
2025-06-28 23:20:17:2017 [ERROR]: ❌ Request error: GET /api/v1/analytics/revenue - 404
2025-06-28 23:20:17:2017 [ERROR]: ❌ Request error: GET /api/v1/analytics/performance - 404
2025-06-28 23:20:17:2017 [ERROR]: ❌ Request error: GET /api/v1/analytics/engagement - 404
2025-06-28 23:22:09:229 [ERROR]: ❌ Request error: GET /api/v1/payments/upcoming-payout/685c1b673a862730dd0a3b1e - 500
2025-06-28 23:22:10:2210 [ERROR]: ❌ Request error: GET /api/v1/payments/earnings/685c1b673a862730dd0a3b1e - 404
2025-06-28 23:22:10:2210 [ERROR]: ❌ Request error: GET /api/v1/payments/transactions/685c1b673a862730dd0a3b1e - 500
2025-06-28 23:22:10:2210 [ERROR]: ❌ Request error: GET /api/v1/payments/analytics/685c1b673a862730dd0a3b1e - 500
2025-06-28 23:22:10:2210 [ERROR]: ❌ Request error: GET /api/v1/teachers/685c1b673a862730dd0a3b1e/enrolled-students - 404
2025-06-28 23:24:49:2449 [ERROR]: ❌ Request error: GET /api/v1/monitoring/redis - 404
2025-06-28 23:24:49:2449 [ERROR]: ❌ Request error: GET /api/v1/monitoring/stats - 404
2025-06-28 23:28:47:2847 [ERROR]: ❌ Request error: GET /api/v1/payments/upcoming-payout/685c1b673a862730dd0a3b1e - 500
2025-06-28 23:29:39:2939 [ERROR]: ❌ Request error: GET /api/v1/payments/upcoming-payout/685c1b673a862730dd0a3b1e - 500
2025-06-28 23:29:40:2940 [ERROR]: ❌ Request error: GET /api/v1/payments/upcoming-payout/685c1b673a862730dd0a3b1e - 500
2025-06-28 23:29:40:2940 [ERROR]: ❌ Request error: GET /api/v1/payments/upcoming-payout/685c1b673a862730dd0a3b1e - 500
2025-06-28 23:29:40:2940 [ERROR]: ❌ Request error: GET /api/v1/payments/upcoming-payout/685c1b673a862730dd0a3b1e - 500
2025-06-28 23:29:41:2941 [ERROR]: ❌ Request error: GET /api/v1/payments/upcoming-payout/685c1b673a862730dd0a3b1e - 500
2025-06-28 23:29:41:2941 [ERROR]: ❌ Request error: GET /api/v1/payments/earnings/685c1b673a862730dd0a3b1e - 404
2025-06-28 23:29:41:2941 [ERROR]: ❌ Request error: GET /api/v1/payments/earnings/685c1b673a862730dd0a3b1e - 404
2025-06-28 23:29:41:2941 [ERROR]: ❌ Request error: GET /api/v1/payments/earnings/685c1b673a862730dd0a3b1e - 404
2025-06-28 23:29:41:2941 [ERROR]: ❌ Request error: GET /api/v1/payments/earnings/685c1b673a862730dd0a3b1e - 404
2025-06-28 23:29:42:2942 [ERROR]: ❌ Request error: GET /api/v1/payments/earnings/685c1b673a862730dd0a3b1e - 404
2025-06-28 23:39:15:3915 [ERROR]: ❌ Request error: GET /api/v1/analytics/students/507f1f77bcf86cd799439011/dashboard - 404
2025-06-28 23:39:44:3944 [ERROR]: ❌ Request error: GET /api/v1/analytics/students/507f1f77bcf86cd799439011/dashboard - 404
2025-06-28 23:39:46:3946 [ERROR]: ❌ Request error: POST /api/v1/stripe-connect/connect - 404
2025-06-28 23:39:46:3946 [ERROR]: ❌ Request error: GET /api/v1/payments/upcoming-payout/685c1b673a862730dd0a3b1e - 500
2025-06-28 23:39:46:3946 [ERROR]: ❌ Request error: GET /api/v1/payments/earnings/685c1b673a862730dd0a3b1e - 404
2025-06-28 23:39:46:3946 [ERROR]: ❌ Request error: GET /api/v1/payments/history/685c1b673a862730dd0a3b1e - 404
2025-06-28 23:39:46:3946 [ERROR]: ❌ Request error: GET /api/v1/users/teachers/685c1b673a862730dd0a3b1e - 404
2025-06-28 23:39:46:3946 [ERROR]: ❌ Request error: GET /api/v1/users/students/507f1f77bcf86cd799439011 - 404
2025-06-28 23:39:46:3946 [ERROR]: ❌ Request error: GET /api/v1/courses/teacher/685c1b673a862730dd0a3b1e - 404
2025-06-28 23:39:46:3946 [ERROR]: ❌ Request error: GET /api/v1/courses - 404
2025-06-28 23:39:46:3946 [ERROR]: ❌ Request error: GET /api/v1/auth/validate - 404
2025-06-28 23:39:46:3946 [ERROR]: ❌ Request error: GET /api/v1/dashboard/teacher/685c1b673a862730dd0a3b1e - 404
2025-06-28 23:57:44:5744 [ERROR]: ❌ Request error: GET /api/v1/analytics/students/507f1f77bcf86cd799439011/dashboard - 404
2025-06-28 23:57:45:5745 [ERROR]: ❌ Request error: POST /api/v1/stripe-connect/connect - 400
2025-06-28 23:57:46:5746 [ERROR]: ❌ Request error: GET /api/v1/payments/upcoming-payout/685c1b673a862730dd0a3b1e - 500
2025-06-28 23:57:46:5746 [ERROR]: ❌ Request error: GET /api/v1/payments/earnings/685c1b673a862730dd0a3b1e - 404
2025-06-28 23:57:46:5746 [ERROR]: ❌ Request error: GET /api/v1/payments/history/685c1b673a862730dd0a3b1e - 404
2025-06-28 23:57:46:5746 [ERROR]: ❌ Request error: GET /api/v1/users/teachers/685c1b673a862730dd0a3b1e - 404
2025-06-28 23:57:46:5746 [ERROR]: ❌ Request error: GET /api/v1/users/students/507f1f77bcf86cd799439011 - 404
2025-06-28 23:57:46:5746 [ERROR]: ❌ Request error: GET /api/v1/courses/teacher/685c1b673a862730dd0a3b1e - 404
2025-06-28 23:57:46:5746 [ERROR]: ❌ Request error: GET /api/v1/courses - 404
2025-06-28 23:57:46:5746 [ERROR]: ❌ Request error: GET /api/v1/auth/validate - 404
2025-06-28 23:59:30:5930 [ERROR]: ❌ Request error: GET /api/v1/analytics/students/507f1f77bcf86cd799439011/dashboard - 404
2025-06-28 23:59:32:5932 [ERROR]: ❌ Request error: GET /api/v1/payments/upcoming-payout/685c1b673a862730dd0a3b1e - 500
2025-06-28 23:59:32:5932 [ERROR]: ❌ Request error: GET /api/v1/payments/earnings/685c1b673a862730dd0a3b1e - 404
2025-06-28 23:59:32:5932 [ERROR]: ❌ Request error: GET /api/v1/payments/history/685c1b673a862730dd0a3b1e - 404
2025-06-28 23:59:32:5932 [ERROR]: ❌ Request error: GET /api/v1/users/teachers/685c1b673a862730dd0a3b1e - 404
2025-06-28 23:59:32:5932 [ERROR]: ❌ Request error: GET /api/v1/users/students/507f1f77bcf86cd799439011 - 404
2025-06-28 23:59:32:5932 [ERROR]: ❌ Request error: GET /api/v1/courses/teacher/685c1b673a862730dd0a3b1e - 404
2025-06-28 23:59:32:5932 [ERROR]: ❌ Request error: GET /api/v1/courses - 404
