2025-06-29 00:15:08:158 [ERROR]: ❌ Request error: GET /api/v1/analytics/students/507f1f77bcf86cd799439011/dashboard - 404
2025-06-29 00:15:11:1511 [ERROR]: ❌ Request error: GET /api/v1/payments/earnings/685c1b673a862730dd0a3b1e - 404
2025-06-29 00:15:11:1511 [ERROR]: ❌ Request error: GET /api/v1/payments/history/685c1b673a862730dd0a3b1e - 404
2025-06-29 00:15:12:1512 [ERROR]: ❌ Request error: GET /api/v1/users/students/507f1f77bcf86cd799439011 - 404
2025-06-29 00:15:12:1512 [ERROR]: ❌ Request error: GET /teacher/685c1b673a862730dd0a3b1e - 400
2025-06-29 00:21:38:2138 [ERROR]: ❌ Request error: GET /api/v1/analytics/students/507f1f77bcf86cd799439011/dashboard - 404
2025-06-29 00:21:40:2140 [ERROR]: ❌ Request error: GET /api/v1/payments/earnings/685c1b673a862730dd0a3b1e - 404
2025-06-29 00:21:41:2141 [ERROR]: ❌ Request error: GET /api/v1/payments/history/685c1b673a862730dd0a3b1e - 404
2025-06-29 00:21:41:2141 [ERROR]: ❌ Request error: GET /api/v1/users/students/507f1f77bcf86cd799439011 - 404
2025-06-29 00:26:20:2620 [ERROR]: ❌ Request error: GET /api/v1/analytics/students/507f1f77bcf86cd799439011/dashboard - 404
2025-06-29 00:26:23:2623 [ERROR]: ❌ Request error: GET /api/v1/payments/earnings/685c1b673a862730dd0a3b1e - 404
2025-06-29 00:26:23:2623 [ERROR]: ❌ Request error: GET /api/v1/payments/history/685c1b673a862730dd0a3b1e - 404
2025-06-29 00:26:23:2623 [ERROR]: ❌ Request error: GET /api/v1/users/students/507f1f77bcf86cd799439011 - 404
2025-06-29 00:27:44:2744 [ERROR]: ❌ Request error: GET /api/v1/analytics/students/507f1f77bcf86cd799439011/dashboard - 404
2025-06-29 00:27:46:2746 [ERROR]: ❌ Request error: GET /api/v1/payments/earnings/685c1b673a862730dd0a3b1e - 404
2025-06-29 00:27:46:2746 [ERROR]: ❌ Request error: GET /api/v1/payments/history/685c1b673a862730dd0a3b1e - 404
2025-06-29 00:27:47:2747 [ERROR]: ❌ Request error: GET /api/v1/users/students/507f1f77bcf86cd799439011 - 404
2025-06-29 00:30:47:3047 [ERROR]: ❌ Request error: GET /api/v1/analytics/students/507f1f77bcf86cd799439011/dashboard - 404
2025-06-29 00:30:49:3049 [ERROR]: ❌ Request error: GET /api/v1/payments/earnings/685c1b673a862730dd0a3b1e - 404
2025-06-29 00:30:49:3049 [ERROR]: ❌ Request error: GET /api/v1/payments/history/685c1b673a862730dd0a3b1e - 404
2025-06-29 00:30:50:3050 [ERROR]: ❌ Request error: GET /api/v1/users/students/507f1f77bcf86cd799439011 - 404
2025-06-29 00:40:59:4059 [ERROR]: ❌ Request error: GET /api/v1/analytics/teachers/undefined/enrollment-statistics - 400
2025-06-29 00:40:59:4059 [ERROR]: ❌ Request error: GET /api/v1/analytics/teachers/undefined/performance-detailed - 400
2025-06-29 00:41:12:4112 [ERROR]: ❌ Request error: GET /api/v1/analytics/teachers/685c1b673a862730dd0a3b21/student-engagement - 404
2025-06-29 00:41:21:4121 [ERROR]: ❌ Request error: GET /api/v1/reviews/teacher/685c1b673a862730dd0a3b21/stats - 404
2025-06-29 00:41:21:4121 [ERROR]: ❌ Request error: GET /api/v1/reviews/teacher/685c1b673a862730dd0a3b21/dashboard - 404
2025-06-29 00:45:56:4556 [ERROR]: ❌ Request error: GET /api/v1/analytics/teachers/undefined/performance-detailed - 401
2025-06-29 00:45:57:4557 [ERROR]: ❌ Request error: GET /api/v1/analytics/teachers/685c1b673a862730dd0a3b1e/performance-detailed - 401
2025-06-29 00:45:57:4557 [ERROR]: ❌ Request error: GET /api/v1/analytics/teachers/685c1b673a862730dd0a3b21/performance-detailed - 401
2025-06-29 00:45:57:4557 [ERROR]: ❌ Request error: GET /api/v1/reviews/teacher/685c1b673a862730dd0a3b21/stats - 404
2025-06-29 00:45:57:4557 [ERROR]: ❌ Request error: GET /api/v1/reviews/teacher/685c1b673a862730dd0a3b21/dashboard - 404
2025-06-29 00:45:58:4558 [ERROR]: ❌ Request error: GET /api/v1/monitoring/redis/usage - 404
2025-06-29 00:46:56:4656 [ERROR]: ❌ Request error: GET /api/v1/analytics/teachers/undefined/performance-detailed - 400
2025-06-29 00:46:57:4657 [ERROR]: ❌ Request error: GET /api/v1/reviews/teacher/685c1b673a862730dd0a3b21/stats - 404
2025-06-29 00:46:57:4657 [ERROR]: ❌ Request error: GET /api/v1/reviews/teacher/685c1b673a862730dd0a3b21/dashboard - 404
2025-06-29 00:46:58:4658 [ERROR]: ❌ Request error: GET /api/v1/monitoring/redis/usage - 404
2025-06-29 00:50:55:5055 [ERROR]: ❌ Request error: GET /api/v1/analytics/teachers/undefined/performance-detailed - 400
2025-06-29 00:50:58:5058 [ERROR]: ❌ Request error: GET /api/v1/monitoring/redis/usage - 404
2025-06-29 00:53:51:5351 [ERROR]: ❌ Request error: GET /api/v1/analytics/teachers/undefined/performance-detailed - 400
2025-06-29 00:54:31:5431 [ERROR]: ❌ Request error: GET /api/v1/analytics/teachers/undefined/performance-detailed - 400
2025-06-29 00:55:32:5532 [ERROR]: ❌ Request error: GET /api/v1/analytics/teachers/undefined/enrollment-statistics - 400
2025-06-29 00:55:32:5532 [ERROR]: ❌ Request error: GET /api/v1/analytics/teachers/undefined/performance-detailed - 400
2025-06-29 00:56:06:566 [ERROR]: ❌ Request error: GET /api/v1/analytics/teachers/undefined/enrollment-statistics - 400
2025-06-29 00:56:06:566 [ERROR]: ❌ Request error: GET /api/v1/analytics/teachers/undefined/performance-detailed - 400
2025-06-29 00:59:59:5959 [ERROR]: ❌ Request error: GET /api/v1/analytics/teachers/undefined/enrollment-statistics - 400
2025-06-29 00:59:59:5959 [ERROR]: ❌ Request error: GET /api/v1/analytics/teachers/undefined/performance-detailed - 400
2025-06-29 01:00:15:015 [ERROR]: ❌ Request error: GET /api/v1/analytics/teachers/undefined/performance-detailed - 400
2025-06-29 01:00:15:015 [ERROR]: ❌ Request error: GET /api/v1/analytics/teachers/undefined/enrollment-statistics - 400
2025-06-29 01:02:23:223 [ERROR]: ❌ Request error: GET /api/v1/analytics/teachers/undefined/enrollment-statistics - 400
2025-06-29 01:02:23:223 [ERROR]: ❌ Request error: GET /api/v1/analytics/teachers/undefined/performance-detailed - 400
2025-06-29 01:02:48:248 [ERROR]: ❌ Request error: GET /api/v1/analytics/teachers/undefined/enrollment-statistics - 400
2025-06-29 01:02:48:248 [ERROR]: ❌ Request error: GET /api/v1/analytics/teachers/undefined/performance-detailed - 400
2025-06-29 01:03:02:32 [ERROR]: ❌ Request error: GET /api/v1/analytics/teachers/undefined/performance-detailed - 400
2025-06-29 01:08:59:859 [ERROR]: ❌ Request error: GET /api/v1/analytics/teachers/undefined/performance-detailed - 400
2025-06-29 01:29:09:299 [ERROR]: ❌ Request error: GET /api/v1/analytics/teachers/undefined/enrollment-statistics - 400
2025-06-29 01:29:09:299 [ERROR]: ❌ Request error: GET /api/v1/analytics/teachers/undefined/performance-detailed - 400
2025-06-29 01:44:53:4453 [ERROR]: ❌ Request error: GET /api/v1/analytics/teachers/undefined/enrollment-statistics - 400
2025-06-29 01:50:54:5054 [ERROR]: ❌ Request error: GET /api/v1/users/me - 401
2025-06-29 02:37:29:3729 [ERROR]: ❌ Request error: GET /api/v1/analytics/teachers/undefined/enrollment-statistics - 400
2025-06-29 02:41:55:4155 [ERROR]: ❌ Request error: GET /api/v1/users/me - 401
2025-06-29 02:42:28:4228 [ERROR]: ❌ Request error: GET /api/v1/analytics/teachers/undefined/enrollment-statistics - 400
2025-06-29 02:43:05:435 [ERROR]: ❌ Request error: GET /api/v1/analytics/teachers/undefined/enrollment-statistics - 400
2025-06-29 02:49:13:4913 [ERROR]: ❌ Request error: GET /api/v1/analytics/teachers/undefined/enrollment-statistics - 401
2025-06-29 02:53:28:5328 [ERROR]: ❌ Request error: GET /api/v1/analytics/teachers/undefined/enrollment-statistics - 401
2025-06-29 05:01:06:16 [ERROR]: ❌ Request error: GET /api/v1/messaging/users/685c1b673a862730dd0a3b1e/stats - 500
2025-06-29 05:01:36:136 [ERROR]: Unhandled rejection detected, shutting down...
2025-06-29 11:15:16:1516 [ERROR]: ❌ Request error: GET /api/v1/users/me - 401
2025-06-29 11:17:14:1714 [ERROR]: ❌ Request error: GET /api/v1/analytics/teachers/685c1b673a862730dd0a3b21/dashboard - 401
2025-06-29 11:17:14:1714 [ERROR]: ❌ Request error: GET /api/v1/messaging/users/685c1b673a862730dd0a3b1e/stats - 401
2025-06-29 11:17:14:1714 [ERROR]: ❌ Request error: GET /api/v1/analytics/teachers/685c1b673a862730dd0a3b21/realtime - 401
2025-06-29 11:17:55:1755 [ERROR]: ❌ Request error: GET /api/v1/analytics/teachers/685c1b673a862730dd0a3b21/student-engagement - 404
2025-06-29 11:18:18:1818 [ERROR]: ❌ Request error: GET /api/v1/analytics/teachers/685c1b673a862730dd0a3b21/student-engagement - 404
2025-06-29 11:18:37:1837 [ERROR]: ❌ Request error: GET /api/v1/analytics/teachers/685c1b673a862730dd0a3b21/student-engagement - 404
2025-06-29 11:21:42:2142 [ERROR]: ❌ Request error: GET /api/v1/analytics/teachers/685c1b673a862730dd0a3b21/student-engagement - 404
2025-06-29 11:36:29:3629 [ERROR]: ❌ Request error: GET /api/v1/analytics/teachers/685c1b673a862730dd0a3b21/student-engagement - 401
2025-06-29 16:16:59:1659 [ERROR]: ❌ Request error: GET /api/v1/messaging/users/685c1b673a862730dd0a3b1e/stats - 401
2025-06-29 16:17:12:1712 [ERROR]: ❌ Super admin seeding failed:
2025-06-29 16:17:30:1730 [ERROR]: ❌ MongoDB connection failed:
